
 RUN  v5.0.2 /workspace/scratch/7269a48577ad/gratis-boekhouden

·····································································-·············································-·······stderr | tests/data-dir-wissel.test.ts > wisselen naar een lege map > een database die nog open is gaat compleet mee (wijzigingen in de WAL)
2 bijlagepad(en) omgezet naar een pad binnen de map van de administratie

······························································stderr | tests/data-dir.test.ts > overzetten naar de gedeelde map > neemt een database mee die nog open is (wijzigingen in de WAL)
2 bijlagepad(en) omgezet naar een pad binnen de map van de administratie

············································stderr | tests/afschriften-downloadmap.test.ts > op de map letten > een map die niet (meer) bestaat of een fout bij het kijken houdt de app niet tegen
Op de map met afschriften letten lukt niet ENOENT: no such file or directory, watch '/tmp/bvn-bestaat-niet-184'

stderr | tests/afschriften-downloadmap.test.ts > op de map letten > een map die niet (meer) bestaat of een fout bij het kijken houdt de app niet tegen
Kijken in de map met afschriften mislukt database dicht

stderr | tests/afschriften-downloadmap.test.ts > op de map letten > een map die niet (meer) bestaat of een fout bij het kijken houdt de app niet tegen
Kijken in de map met afschriften mislukt database dicht

···stderr | tests/afschriften-downloadmap.test.ts > op de map letten > een map die niet (meer) bestaat of een fout bij het kijken houdt de app niet tegen
Kijken in de map met afschriften mislukt database dicht

stderr | tests/afschriften-downloadmap.test.ts > op de map letten > een map die niet (meer) bestaat of een fout bij het kijken houdt de app niet tegen
Kijken in de map met afschriften mislukt database dicht

·stderr | tests/afschriften-downloadmap.test.ts > op de map letten > een map die niet (meer) bestaat of een fout bij het kijken houdt de app niet tegen
Kijken in de map met afschriften mislukt database dicht

·······························································································································································································································································································································································································································································································································································································································-·································································-······················································································································································································································································································································································································································································································································································································································································································-

 Test Files  95 passed | 1 skipped (96)
      Tests  1565 passed | 5 skipped (1570)
   Start at  16:48:09
   Duration  24.30s (tests 78%, import 14%, transform 8%)

    Isolate  96 workers spawned · ~141ms startup each (spawn + environment, per file)
             at least ~1.79s faster with isolate: false — reuses workers across files instead of one per file
