npm warn Unknown env config "http-proxy". This will stop working in the next major version of npm.

> gratis-boekhouden@1.2.0 build
> npm run build:main && npm run build:renderer

npm warn Unknown env config "http-proxy". This will stop working in the next major version of npm.

> gratis-boekhouden@1.2.0 build:main
> tsc -p tsconfig.main.json

npm warn Unknown env config "http-proxy". This will stop working in the next major version of npm.

> gratis-boekhouden@1.2.0 build:renderer
> vite build

vite v8.3.1 building client environment for production...
transforming...
✓ 83 modules transformed.
rendering chunks...
computing gzip size...
dist/renderer/assets/favicon-DsyL2JaP.svg                   0.57 kB │ gzip:   0.33 kB
dist/renderer/index.html                                    1.01 kB │ gzip:   0.50 kB
dist/renderer/assets/logo-gestapeld-kleur-ZveI_EJL.svg      6.64 kB │ gzip:   1.84 kB
dist/renderer/assets/logo-gestapeld-wit-CpBunXTj.svg        6.64 kB │ gzip:   1.83 kB
dist/renderer/assets/logo-primair-kleur-GmWC8w-p.svg        6.66 kB │ gzip:   1.82 kB
dist/renderer/assets/logo-primair-wit-DZ4lX8sP.svg          6.66 kB │ gzip:   1.81 kB
dist/renderer/assets/pdf.worker.min-Dswkl-cV.mjs        1,265.41 kB
dist/renderer/assets/index-DKbwJFlo.css                    13.41 kB │ gzip:   3.62 kB
dist/renderer/assets/rolldown-runtime-D9-fqq9M.js           0.08 kB │ gzip:   0.08 kB
dist/renderer/assets/UploadOutcome-BT2GUpVc.js              3.15 kB │ gzip:   1.26 kB
dist/renderer/assets/Reader-Blqny59G.js                     8.46 kB │ gzip:   3.27 kB
dist/renderer/assets/ui-BI2IhGf6.js                        19.29 kB │ gzip:   7.15 kB
dist/renderer/assets/Expert-sKxFkEXp.js                    23.50 kB │ gzip:   6.06 kB
dist/renderer/assets/DocumentReview-DEdvsA9Z.js            28.83 kB │ gzip:   8.72 kB
dist/renderer/assets/Switchover-DMs9Flwr.js                50.05 kB │ gzip:  13.47 kB
dist/renderer/assets/Settings-B8G_CoQL.js                  69.62 kB │ gzip:  19.70 kB
dist/renderer/assets/pdf-BFKC9DCJ.js                      430.94 kB │ gzip: 129.04 kB
dist/renderer/assets/index-CLHv6Djo.js                    535.40 kB │ gzip: 151.16 kB

✓ built in 323ms
[plugin builtin:vite-reporter] 
(!) Some chunks are larger than 500 kB after minification. Consider:
- Using dynamic import() to code-split the application
- Use build.rolldownOptions.output.codeSplitting to improve chunking: https://rolldown.rs/reference/OutputOptions.codeSplitting
- Adjust chunk size limit for this warning via build.chunkSizeWarningLimit.
